// Jest Snapshot v1, https://goo.gl/fbAQLP

exports[`Test component should mount without error 1`] = `
<DocumentFragment>
  <div>
    mock-result-1
  </div>
  <div>
    mock-result-2
  </div>
</DocumentFragment>
`;
