// Jest Snapshot v1, https://goo.gl/fbAQLP

exports[`useAddSuffix hook should mount without error 1`] = `
Object {
  "addSuffix": [Function],
}
`;
