// Jest Snapshot v1, https://goo.gl/fbAQLP

exports[`Item component should mount without error 1`] = `
<DocumentFragment>
  <div>
    TEST
  </div>
</DocumentFragment>
`;
