// Jest Snapshot v1, https://goo.gl/fbAQLP

exports[`useFibonacci hook should mount without error 1`] = `
Object {
  "fibonacci": [Function],
}
`;
